// Jest Snapshot v1, https://goo.gl/fbAQLP

exports[`should render an expense item 1`] = `
<div>
  <div>
    <Link
      replace={false}
      to="/edit/2"
    >
      <h3>
        Rent
      </h3>
    </Link>
    <p>
      $100.00
      -
      December 27th 1969
    </p>
  </div>
</div>
`;
