// Jest Snapshot v1, https://goo.gl/fbAQLP

exports[`should render expense list with empty message 1`] = `
<div>
  <h1>
    ExpenseList
  </h1>
  <p>
    No Expenses
  </p>
</div>
`;

exports[`should render expense list with expenses 1`] = `
<div>
  <h1>
    ExpenseList
  </h1>
  <ExpenseListItem
    amount={100}
    createdAt={0}
    description="Car"
    id="1"
    key="1"
    note="Its a car"
  />
  <ExpenseListItem
    amount={10000}
    createdAt={-345600000}
    description="Rent"
    id="2"
    key="2"
    note="Its rent"
  />
  <ExpenseListItem
    amount={1000}
    createdAt={345600000}
    description="Credit Card"
    id="3"
    key="3"
    note="Its a debt"
  />
</div>
`;
